INFO:You have added  John Jones into the employee database
INFO:You have added  John Jones into the employee database; Email: Hello John Jones, your email address is John.Jones@python.com
INFO:You have added  John Jones into the employee database; Email: Hello John Jones, your email address is John.Jones@python.com
